../Core/Src/main.c:73:6:delay	0	static
../Core/Src/main.c:85:6:Set_Pin_Output	40	static
../Core/Src/main.c:94:6:Set_Pin_Input	40	static
../Core/Src/main.c:108:9:DS18B20_Start	8	static
../Core/Src/main.c:126:6:DS18B20_Write	24	static
../Core/Src/main.c:158:9:DS18B20_Read	16	static
../Core/Src/main.c:181:6:DS18B20_TEMP	8	static
../Core/Src/main.c:201:6:HAL_TIM_PeriodElapsedCallback	0	static
../Core/Src/main.c:210:6:AHT10_GET	24	static
../Core/Src/main.c:297:6:SystemClock_Config	96	static,ignoring_inline_asm
../Core/Src/main.c:245:5:main	8	static
../Core/Src/main.c:351:6:Error_Handler	0	static,ignoring_inline_asm
